// Jest Snapshot v1, https://goo.gl/fbAQLP

exports[`<Client /> should render correctly 1`] = `
<Default>
  <styled.section>
    <section
      className="jzpeyc"
    >
      <styled.ul>
        <ul
          className="jnCBbv"
        >
          <styled.h2>
            <h2
              className="bIOgki"
            >
              Client Sites
            </h2>
          </styled.h2>
          <styled.a
            href="http://plushpawsinc.com"
            target="_blank"
          >
            <a
              className="fyiISW"
              href="http://plushpawsinc.com"
              target="_blank"
            >
              <Browser
                siteImg="IMAGE_MOCK"
                text="Plush Paws Inc"
              >
                <svg
                  enableBackground="new 0 0 959.7 536.4"
                  id="Layer_1"
                  version="1.1"
                  viewBox="0 0 959.7 536.4"
                  x="0px"
                  y="0px"
                >
                  <g>
                    <image
                      height="473"
                      overflow="visible"
                      transform="matrix(0.9977 0 0 0.9977 0.8496 63.1611)"
                      width="960"
                      xlinkHref="IMAGE_MOCK"
                    />
                  </g>
                  <g
                    id="Layer_2"
                  >
                    <g
                      id="Layer_12"
                    >
                      <circle
                        cx="33.1"
                        cy="36.3"
                        fill="none"
                        r="11.2"
                        stroke="#a29e99"
                        strokeMiterlimit="10"
                        strokeWidth="2.1"
                      />
                    </g>
                    <g
                      id="Layer_11"
                    >
                      <polyline
                        fill="none"
                        points="34.3,29.2 26.2,36.4 34.3,42.5"
                        stroke="#a29e99"
                        strokeMiterlimit="10"
                        strokeWidth="2.1"
                      />
                    </g>
                    <g
                      id="Layer_10"
                    >
                      <line
                        fill="none"
                        stroke="#a29e99"
                        strokeMiterlimit="10"
                        strokeWidth="2.1"
                        x1="41"
                        x2="26"
                        y1="36.5"
                        y2="36.5"
                      />
                    </g>
                    <g
                      id="Layer_9"
                    >
                      <path
                        d="M1,19.4h47.8l3.5-12.2c0.3-0.9,1.1-1.5,2-1.5 H183c1,0,1.8,0.7,2,1.6l2.5,12h387.7h384.5"
                        fill="none"
                        stroke="#a29e99"
                        strokeMiterlimit="10"
                        strokeWidth="2.1"
                      />
                    </g>
                    <g
                      id="Layer_8"
                    >
                      <polyline
                        fill="none"
                        points="186.8,15.1 188.6,5.7 309.2,5.7 311.9,18.3"
                        stroke="#a29e99"
                        strokeMiterlimit="10"
                        strokeWidth="2.1"
                      />
                    </g>
                    <g
                      id="Layer_7"
                    >
                      <circle
                        cx="65.8"
                        cy="35.3"
                        fill="none"
                        r="5.4"
                        stroke="#a29e99"
                        strokeMiterlimit="10"
                        strokeWidth="2.1"
                      />
                    </g>
                    <g
                      id="Layer_6"
                    >
                      <path
                        d="M958.7,535.3H1V11.5C1,5.8,5.8,1,11.5,1h936.6 c5.8,0,10.5,4.7,10.5,10.5V535.3z"
                        fill="none"
                        stroke="#a29e99"
                        strokeMiterlimit="10"
                        strokeWidth="2.1"
                      />
                    </g>
                    <g
                      id="Layer_5"
                    >
                      <path
                        d="M713.8,45.8H58.6c-1.7,0-3.1-1.4-3.1-3.1V28 c0-1.7,1.4-3.1,3.1-3.1h655.2c1.7,0,3.2,1.4,3.2,3.1v14.6C717,44.3,715.6,45.8,713.8,45.8z"
                        fill="none"
                        stroke="#a29e99"
                        strokeMiterlimit="10"
                        strokeWidth="2.1"
                      />
                    </g>
                    <g
                      id="Layer_4"
                    >
                      <polygon
                        fill="none"
                        points="736,26.7 738.8,32.4 745,33.3 740.5,37.7 741.5,43.9 736,40.9 730.4,43.9 731.4,37.7 726.9,33.3 733.2,32.4"
                        stroke="#a29e99"
                        strokeMiterlimit="10"
                        strokeWidth="2.1"
                      />
                    </g>
                  </g>
                  <rect
                    fill="none"
                    height="16.6"
                    width="151.5"
                    x="80.3"
                    y="29.2"
                  />
                  <text
                    color="#a29e99"
                    fontSize="16"
                    fontWeight="bold"
                    transform="matrix(1 0 0 1 80.2998 41.2002)"
                  >
                    Plush Paws Inc
                  </text>
                </svg>
              </Browser>
            </a>
          </styled.a>
          <styled.a
            href="http://interiormark.com"
            target="_blank"
          >
            <a
              className="fyiISW"
              href="http://interiormark.com"
              target="_blank"
            >
              <Browser
                siteImg="IMAGE_MOCK"
                text="InteriorMark"
              >
                <svg
                  enableBackground="new 0 0 959.7 536.4"
                  id="Layer_1"
                  version="1.1"
                  viewBox="0 0 959.7 536.4"
                  x="0px"
                  y="0px"
                >
                  <g>
                    <image
                      height="473"
                      overflow="visible"
                      transform="matrix(0.9977 0 0 0.9977 0.8496 63.1611)"
                      width="960"
                      xlinkHref="IMAGE_MOCK"
                    />
                  </g>
                  <g
                    id="Layer_2"
                  >
                    <g
                      id="Layer_12"
                    >
                      <circle
                        cx="33.1"
                        cy="36.3"
                        fill="none"
                        r="11.2"
                        stroke="#a29e99"
                        strokeMiterlimit="10"
                        strokeWidth="2.1"
                      />
                    </g>
                    <g
                      id="Layer_11"
                    >
                      <polyline
                        fill="none"
                        points="34.3,29.2 26.2,36.4 34.3,42.5"
                        stroke="#a29e99"
                        strokeMiterlimit="10"
                        strokeWidth="2.1"
                      />
                    </g>
                    <g
                      id="Layer_10"
                    >
                      <line
                        fill="none"
                        stroke="#a29e99"
                        strokeMiterlimit="10"
                        strokeWidth="2.1"
                        x1="41"
                        x2="26"
                        y1="36.5"
                        y2="36.5"
                      />
                    </g>
                    <g
                      id="Layer_9"
                    >
                      <path
                        d="M1,19.4h47.8l3.5-12.2c0.3-0.9,1.1-1.5,2-1.5 H183c1,0,1.8,0.7,2,1.6l2.5,12h387.7h384.5"
                        fill="none"
                        stroke="#a29e99"
                        strokeMiterlimit="10"
                        strokeWidth="2.1"
                      />
                    </g>
                    <g
                      id="Layer_8"
                    >
                      <polyline
                        fill="none"
                        points="186.8,15.1 188.6,5.7 309.2,5.7 311.9,18.3"
                        stroke="#a29e99"
                        strokeMiterlimit="10"
                        strokeWidth="2.1"
                      />
                    </g>
                    <g
                      id="Layer_7"
                    >
                      <circle
                        cx="65.8"
                        cy="35.3"
                        fill="none"
                        r="5.4"
                        stroke="#a29e99"
                        strokeMiterlimit="10"
                        strokeWidth="2.1"
                      />
                    </g>
                    <g
                      id="Layer_6"
                    >
                      <path
                        d="M958.7,535.3H1V11.5C1,5.8,5.8,1,11.5,1h936.6 c5.8,0,10.5,4.7,10.5,10.5V535.3z"
                        fill="none"
                        stroke="#a29e99"
                        strokeMiterlimit="10"
                        strokeWidth="2.1"
                      />
                    </g>
                    <g
                      id="Layer_5"
                    >
                      <path
                        d="M713.8,45.8H58.6c-1.7,0-3.1-1.4-3.1-3.1V28 c0-1.7,1.4-3.1,3.1-3.1h655.2c1.7,0,3.2,1.4,3.2,3.1v14.6C717,44.3,715.6,45.8,713.8,45.8z"
                        fill="none"
                        stroke="#a29e99"
                        strokeMiterlimit="10"
                        strokeWidth="2.1"
                      />
                    </g>
                    <g
                      id="Layer_4"
                    >
                      <polygon
                        fill="none"
                        points="736,26.7 738.8,32.4 745,33.3 740.5,37.7 741.5,43.9 736,40.9 730.4,43.9 731.4,37.7 726.9,33.3 733.2,32.4"
                        stroke="#a29e99"
                        strokeMiterlimit="10"
                        strokeWidth="2.1"
                      />
                    </g>
                  </g>
                  <rect
                    fill="none"
                    height="16.6"
                    width="151.5"
                    x="80.3"
                    y="29.2"
                  />
                  <text
                    color="#a29e99"
                    fontSize="16"
                    fontWeight="bold"
                    transform="matrix(1 0 0 1 80.2998 41.2002)"
                  >
                    InteriorMark
                  </text>
                </svg>
              </Browser>
            </a>
          </styled.a>
          <styled.a>
            <a
              className="fyiISW"
            >
              <Browser
                siteImg="IMAGE_MOCK"
                text="Farm Boy Kombucha"
              >
                <svg
                  enableBackground="new 0 0 959.7 536.4"
                  id="Layer_1"
                  version="1.1"
                  viewBox="0 0 959.7 536.4"
                  x="0px"
                  y="0px"
                >
                  <g>
                    <image
                      height="473"
                      overflow="visible"
                      transform="matrix(0.9977 0 0 0.9977 0.8496 63.1611)"
                      width="960"
                      xlinkHref="IMAGE_MOCK"
                    />
                  </g>
                  <g
                    id="Layer_2"
                  >
                    <g
                      id="Layer_12"
                    >
                      <circle
                        cx="33.1"
                        cy="36.3"
                        fill="none"
                        r="11.2"
                        stroke="#a29e99"
                        strokeMiterlimit="10"
                        strokeWidth="2.1"
                      />
                    </g>
                    <g
                      id="Layer_11"
                    >
                      <polyline
                        fill="none"
                        points="34.3,29.2 26.2,36.4 34.3,42.5"
                        stroke="#a29e99"
                        strokeMiterlimit="10"
                        strokeWidth="2.1"
                      />
                    </g>
                    <g
                      id="Layer_10"
                    >
                      <line
                        fill="none"
                        stroke="#a29e99"
                        strokeMiterlimit="10"
                        strokeWidth="2.1"
                        x1="41"
                        x2="26"
                        y1="36.5"
                        y2="36.5"
                      />
                    </g>
                    <g
                      id="Layer_9"
                    >
                      <path
                        d="M1,19.4h47.8l3.5-12.2c0.3-0.9,1.1-1.5,2-1.5 H183c1,0,1.8,0.7,2,1.6l2.5,12h387.7h384.5"
                        fill="none"
                        stroke="#a29e99"
                        strokeMiterlimit="10"
                        strokeWidth="2.1"
                      />
                    </g>
                    <g
                      id="Layer_8"
                    >
                      <polyline
                        fill="none"
                        points="186.8,15.1 188.6,5.7 309.2,5.7 311.9,18.3"
                        stroke="#a29e99"
                        strokeMiterlimit="10"
                        strokeWidth="2.1"
                      />
                    </g>
                    <g
                      id="Layer_7"
                    >
                      <circle
                        cx="65.8"
                        cy="35.3"
                        fill="none"
                        r="5.4"
                        stroke="#a29e99"
                        strokeMiterlimit="10"
                        strokeWidth="2.1"
                      />
                    </g>
                    <g
                      id="Layer_6"
                    >
                      <path
                        d="M958.7,535.3H1V11.5C1,5.8,5.8,1,11.5,1h936.6 c5.8,0,10.5,4.7,10.5,10.5V535.3z"
                        fill="none"
                        stroke="#a29e99"
                        strokeMiterlimit="10"
                        strokeWidth="2.1"
                      />
                    </g>
                    <g
                      id="Layer_5"
                    >
                      <path
                        d="M713.8,45.8H58.6c-1.7,0-3.1-1.4-3.1-3.1V28 c0-1.7,1.4-3.1,3.1-3.1h655.2c1.7,0,3.2,1.4,3.2,3.1v14.6C717,44.3,715.6,45.8,713.8,45.8z"
                        fill="none"
                        stroke="#a29e99"
                        strokeMiterlimit="10"
                        strokeWidth="2.1"
                      />
                    </g>
                    <g
                      id="Layer_4"
                    >
                      <polygon
                        fill="none"
                        points="736,26.7 738.8,32.4 745,33.3 740.5,37.7 741.5,43.9 736,40.9 730.4,43.9 731.4,37.7 726.9,33.3 733.2,32.4"
                        stroke="#a29e99"
                        strokeMiterlimit="10"
                        strokeWidth="2.1"
                      />
                    </g>
                  </g>
                  <rect
                    fill="none"
                    height="16.6"
                    width="151.5"
                    x="80.3"
                    y="29.2"
                  />
                  <text
                    color="#a29e99"
                    fontSize="16"
                    fontWeight="bold"
                    transform="matrix(1 0 0 1 80.2998 41.2002)"
                  >
                    Farm Boy Kombucha
                  </text>
                </svg>
              </Browser>
            </a>
          </styled.a>
        </ul>
      </styled.ul>
    </section>
  </styled.section>
</Default>
`;
